[www.2shared.com/index.html]
[backblue.gif]
[fade.gif]
[index.html]
[www.2shared.com/js/upload6ddb.js]
[www.2shared.com/js/functions6ddb.js]
[www.2shared.com/uploadComplete4d03.html]
[www.2shared.com/images/logo.gif]
[www.2shared.com/images/butUploadIt.gif]
[www.2shared.com/flashUploader.html]
[www.2shared.com/about.html]
[www.2shared.com/terms.html]
[www.2shared.com/privacy.html]
[www.2shared.com/faq.html]
[www.2shared.com/tutorial.html]
[www.2shared.com/contact.html]
[www.2shared.com/images/icoUpload.gif]
[www.2shared.com/search.html]
[www.2shared.com/images/icoSearch.gif]
[www.2shared.com/qs/1.html]
[www.2shared.com/images/icoBrowse.gif]
[www.2shared.com/watch/1.html]
[www.2shared.com/images/icoWatch.gif]
[mc.yandex.ru/metrika/watch.js]
[www.google-analytics.com/urchin.js]
[www.2shared.com/index.html]
[www.2shared.com/images/progressbg.gif]
[www.2shared.com/images/progresscale.gif]
[www.2shared.com/images/uplLinkbg.gif]
[www.2shared.com/images/corners.gif]
[www.2shared.com/images/vborders.gif]
[www.2shared.com/images/hborders.gif]
[www.2shared.com/images/bg14.png]
[www.2shared.com/css/index6ddb.css]
[www.2shared.com/uploadComplete4d03.html]
[www.2shared.com/flashUploader.html]
[www.2shared.com/watch.html]
[www.2shared.com/about.html]
[www.2shared.com/terms.html]
[www.2shared.com/privacy.html]
[www.2shared.com/faq.html]
[www.2shared.com/images/step1.gif]
[www.2shared.com/images/step2.gif]
[www.2shared.com/images/step3.gif]
[www.2shared.com/images/step4.gif]
[www.2shared.com/images/step5.gif]
[www.2shared.com/tutorial.html]
[www.2shared.com/abuseba2f.html]
[www.2shared.com/contact.html]
[www.2shared.com/js/index6ddb.js]
[www.2shared.com/js/afs_request_done6ddb.js]
[www.2shared.com/js/jquery-1.4.4.min6ddb.js]
[www.2shared.com/images/butSearch.gif]
[www.2shared.com/advsearch.html]
[www.2shared.com/search.html]
[www.2shared.com/images/arrdn.gif]
[www.2shared.com/images/arrup.gif]
[www.2shared.com/file/9wpka4oa/WinRar_4165_By_EluX.html]
[www.2shared.com/icons/32x32/zip.png]
[www.2shared.com/file/9wpka4oa/WinRar_4165_By_EluX.htm]
[www.2shared.com/images/icoDownload.gif]
[www.2shared.com/document/X9_5Llm5/dokunan_yanar.html]
[www.2shared.com/document/X9_5Llm5/dokunan_yanar.htm]
[www.2shared.com/video/jH00hcLH/GIRL_WITH_THE_DRAGON_TATTOO.html]
[www.2shared.com/icons/32x32/avi.png]
[www.2shared.com/video/jH00hcLH/GIRL_WITH_THE_DRAGON_TATTOO.htm]
[www.2shared.com/file/RKgF3I_T/Cydia.html]
[www.2shared.com/icons/32x32/ipa.png]
[www.2shared.com/file/RKgF3I_T/Cydia.htm]
[www.2shared.com/bundles/js/gzip_1998489310/bundles/js/global.js]
[www.2shared.com/file/BrLhwQCL/WHKC.html]
[www.2shared.com/file/BrLhwQCL/WHKC.htm]
[www.2shared.com/images/toolbar2.gif]
[www.2shared.com/file/DtC8KQlP/idman_V514__patch.html]
[www.2shared.com/icons/32x32/rar.gif]
[www.2shared.com/file/DtC8KQlP/idman_V514__patch.htm]
[www.2shared.com/file/UssnP0lk/gta3-v10-ipodtouchdude.html]
[www.2shared.com/file/UssnP0lk/gta3-v10-ipodtouchdude.htm]
[www.2shared.com/file/DuAhjGoc/Kernel_Detective_v141.html]
[www.2shared.com/file/DuAhjGoc/Kernel_Detective_v141.htm]
[www.2shared.com/file/jhuGwewf/app.html]
[www.2shared.com/icons/32x32/apk.png]
[www.2shared.com/file/jhuGwewf/app.htm]
[www.2shared.com/video/0gvCJ-UO/WarHorse2011DVDSCRXVIDUne-CM8.html]
[www.2shared.com/video/0gvCJ-UO/WarHorse2011DVDSCRXVIDUne-CM8.htm]
[www.2shared.com/qs/10.html]
[www.2shared.com/qs/20.html]
[www.2shared.com/qs/30.html]
[www.2shared.com/qs/40.html]
[www.2shared.com/qs/50.html]
[www.2shared.com/qs/60.html]
[www.2shared.com/qs/70.html]
[www.2shared.com/qs/80.html]
[www.2shared.com/qs/90.html]
[www.2shared.com/qs/100.html]
[www.2shared.com/qs/3794240.html]
[www.2shared.com/qs/1.html]
[www.2shared.com/watch/1b813.html]
[www.2shared.com/watch/17840.html]
[www.2shared.com/watch/19917.html]
[www.2shared.com/watch/1f3e3.html]
[www.2shared.com/watch/1c15f.html]
[www.2shared.com/watch/110b3.html]
[www.2shared.com/watch/1.html]
[mc.yandex.ru/metrika/watch.js]
[www.2shared.com/watchb813.html]
[www.2shared.com/watch7840.html]
[www.2shared.com/watch9917.html]
[www.2shared.com/watchf3e3.html]
[www.2shared.com/watchc15f.html]
[www.2shared.com/watch10b3.html]
[www.2shared.com/watch.html]
[www.2shared.com/support_2shared.html]
[www.2shared.com/abuseba2f.html]
[www.2shared.com/advsearch.html]
[www.2shared.com/css/ajax-suggestions.css]
[www.2shared.com/js/Events6ddb.js]
[www.2shared.com/js/jquery-1.4.4.mincc23.js]
[www.2shared.com/js/cookie6ddb.js]
[www.2shared.com/logince3f.html]
[www.2shared.com/abuse7fa2.html]
[www.2shared.com/images/butDownload.gif]
[api.conduit.com/ToolbarApi.js]
[www.2shared.com/qs/1/WinRar+4.1.65_By_EluX.html]
[www.2shared.com/qs/1/zip.html]
[www.2shared.com/js/adlogger_tracker6ddb.js]
[www.2shared.com/file/9wpka4oa/WinRar_4165_By_EluX.html]
[www.2shared.com/file/9wpka4oa/WinRar_4165_By_EluX.htm]
[www.2shared.com/abuse654e.html]
[www.2shared.com/icons/32x32/pdf.png]
[www.2shared.com/qs/1/dokunan_yanar.html]
[www.2shared.com/document/X9_5Llm5/dokunan_yanar.html]
[www.2shared.com/qs/1/pdf.html]
[www.2shared.com/document/X9_5Llm5/dokunan_yanar.htm]
[www.2shared.com/abuse24cd.html]
[www.2shared.com/qs/1/GIRL+WITH+THE+DRAGON+TATTOO.html]
[www.2shared.com/qs/1/avi.html]
[www.2shared.com/video/jH00hcLH/GIRL_WITH_THE_DRAGON_TATTOO.html]
[www.2shared.com/video/jH00hcLH/GIRL_WITH_THE_DRAGON_TATTOO.htm]
[www.2shared.com/abusefd72.html]
[www.2shared.com/qs/1/Cydia.html]
[www.2shared.com/qs/1/ipa.html]
[www.2shared.com/file/RKgF3I_T/Cydia.html]
[www.2shared.com/file/RKgF3I_T/Cydia.htm]
[www.2shared.com/abuse11a2.html]
[www.2shared.com/qs/1/WHKC.html]
[www.2shared.com/file/BrLhwQCL/WHKC.html]
[www.2shared.com/file/BrLhwQCL/WHKC.htm]
[www.2shared.com/abusee9d1.html]
[www.2shared.com/qs/1/idman_V5.14+++patch.html]
[www.2shared.com/qs/1/rar.html]
[www.2shared.com/file/DtC8KQlP/idman_V514__patch.html]
[www.2shared.com/file/DtC8KQlP/idman_V514__patch.htm]
[www.2shared.com/abusedfe0.html]
[www.2shared.com/qs/1/gta3-v1.0-ipodtouchdude.html]
[www.2shared.com/file/UssnP0lk/gta3-v10-ipodtouchdude.html]
[www.2shared.com/file/UssnP0lk/gta3-v10-ipodtouchdude.htm]
[www.2shared.com/abuse8ed2.html]
[www.2shared.com/file/DuAhjGoc/Kernel_Detective_v141.html]
[www.2shared.com/qs/1/Kernel+Detective+v1.4.1.html]
[www.2shared.com/file/DuAhjGoc/Kernel_Detective_v141.htm]
[www.2shared.com/abusee954.html]
[www.2shared.com/qs/1/app.html]
[www.2shared.com/qs/1/apk.html]
[www.2shared.com/file/jhuGwewf/app.html]
[www.2shared.com/file/jhuGwewf/app.htm]
[www.2shared.com/abuse53fa.html]
[www.2shared.com/qs/1/War.Horse.2011.DVDSCR.XVID.Une-CM8.html]
[www.2shared.com/video/0gvCJ-UO/WarHorse2011DVDSCRXVIDUne-CM8.html]
[www.2shared.com/video/0gvCJ-UO/WarHorse2011DVDSCRXVIDUne-CM8.htm]
[www.2shared.com/document/VbkHe-1G/imamn_ordusu.html]
[www.2shared.com/icons/32x32/doc.gif]
[www.2shared.com/document/VbkHe-1G/imamn_ordusu.htm]
[www.2shared.com/file/7vOd51oE/app.html]
[www.2shared.com/file/7vOd51oE/app.htm]
[www.2shared.com/video/Afd68N4-/Johnny_English_Reborn_2011_cli.html]
[www.2shared.com/icons/32x32/flv.gif]
[www.2shared.com/video/Afd68N4-/Johnny_English_Reborn_2011_cli.htm]
[www.2shared.com/file/b3mATRe7/app.html]
[www.2shared.com/file/b3mATRe7/app.htm]
[www.2shared.com/video/ejajS-7Q/CrazyStupid_Love__2011__720p_B.html]
[www.2shared.com/video/ejajS-7Q/CrazyStupid_Love__2011__720p_B.htm]
[www.2shared.com/video/zYWkMqBj/contagion2011dvdripxvid-amiabl.html]
[www.2shared.com/video/zYWkMqBj/contagion2011dvdripxvid-amiabl.htm]
[www.2shared.com/video/pzDQBWJg/The_Hangover_Part_II_2011_BRRI.html]
[www.2shared.com/video/pzDQBWJg/The_Hangover_Part_II_2011_BRRI.htm]
[www.2shared.com/file/VJuZhfNr/THEKINGOFFIGHTERS-i-v10100-mos.html]
[www.2shared.com/file/VJuZhfNr/THEKINGOFFIGHTERS-i-v10100-mos.htm]
[www.2shared.com/video/e3NHw8vf/arrow-themechanic.html]
[www.2shared.com/video/e3NHw8vf/arrow-themechanic.htm]
[www.2shared.com/file/VdRGMBT5/redsn0w-win_094.html]
[www.2shared.com/qs/10.html]
[www.2shared.com/file/VdRGMBT5/redsn0w-win_094.htm]
[www.2shared.com/file/9jIXUlQ7/KewlButtonz.html]
[www.2shared.com/icons/32x32/default.png]
[www.2shared.com/file/9jIXUlQ7/KewlButtonz.htm]
[www.2shared.com/file/dF4-8E9U/app.html]
[www.2shared.com/file/dF4-8E9U/app.htm]
[www.2shared.com/audio/kTc9xTSv/watcha_say_remix.html]
[www.2shared.com/icons/32x32/mp3.png]
[www.2shared.com/audio/kTc9xTSv/watcha_say_remix.htm]
[www.2shared.com/file/XIE6U-OR/Plants_Vs_Zombies.html]
[www.2shared.com/file/XIE6U-OR/Plants_Vs_Zombies.htm]
[www.2shared.com/document/dqaQ2Otn/861_emails_for_facebook_freind.html]
[www.2shared.com/icons/32x32/txt.gif]
[www.2shared.com/document/dqaQ2Otn/861_emails_for_facebook_freind.htm]
[www.2shared.com/file/e6qabxnW/app.html]
[www.2shared.com/file/e6qabxnW/app.htm]
[www.2shared.com/file/IyqAZNU8/iMovie-v122-iLuiChannel.html]
[www.2shared.com/file/IyqAZNU8/iMovie-v122-iLuiChannel.htm]
[www.2shared.com/video/fzJ0fktH/TheHangover2009UNRATEDBDRipExp.html]
[www.2shared.com/video/fzJ0fktH/TheHangover2009UNRATEDBDRipExp.htm]
[www.2shared.com/file/2nXvfpdX/GarenaUniversalMHv13.html]
[www.2shared.com/icons/32x32/exe.gif]
[www.2shared.com/file/2nXvfpdX/GarenaUniversalMHv13.htm]
[www.2shared.com/file/m4ypzMaM/AlbumDownloader4Facebook.html]
[www.2shared.com/icons/32x32/msi.png]
[www.2shared.com/file/m4ypzMaM/AlbumDownloader4Facebook.htm]
[www.2shared.com/qs/20.html]
[www.2shared.com/file/jqeTqFi0/Chipset.html]
[www.2shared.com/file/jqeTqFi0/Chipset.htm]
[www.2shared.com/video/zUxx3pU9/MoneyballDVDRipXviD-DiAMOND-cd.html]
[www.2shared.com/video/zUxx3pU9/MoneyballDVDRipXviD-DiAMOND-cd.htm]
[www.2shared.com/video/e4G_juic/CaptainAmericaTheFirstAvenger2.html]
[www.2shared.com/video/e4G_juic/CaptainAmericaTheFirstAvenger2.htm]
[www.2shared.com/file/c1a192eV/app.html]
[www.2shared.com/file/c1a192eV/app.htm]
[www.2shared.com/file/mv5sBh52/edxSilkroadLoader_Beta3.html]
[www.2shared.com/file/mv5sBh52/edxSilkroadLoader_Beta3.htm]
[www.2shared.com/file/281Yp9Qt/051.html]
[www.2shared.com/file/281Yp9Qt/051.htm]
[www.2shared.com/video/uqf41HmD/QSSDivX_Faster_2010_720p_haL00.html]
[www.2shared.com/video/uqf41HmD/QSSDivX_Faster_2010_720p_haL00.htm]
[www.2shared.com/video/Z9jvATDw/FastFive2011DVDRipXviD-ViP3R.html]
[www.2shared.com/video/Z9jvATDw/FastFive2011DVDRipXviD-ViP3R.htm]
[www.2shared.com/video/j2lIglPX/TheIsle2000_1_clip0.html]
[www.2shared.com/video/j2lIglPX/TheIsle2000_1_clip0.htm]
[www.2shared.com/audio/MqftuCXe/Adele_-_Someone_Like_You.html]
[www.2shared.com/audio/MqftuCXe/Adele_-_Someone_Like_You.htm]
[www.2shared.com/qs/30.html]
[www.2shared.com/video/OlAEyJ01/2011-Just_Go_With_It_English-a.html]
[www.2shared.com/video/OlAEyJ01/2011-Just_Go_With_It_English-a.htm]
[www.2shared.com/file/6Tr7oDCt/app.html]
[www.2shared.com/file/6Tr7oDCt/app.htm]
[www.2shared.com/file/tGb67o0U/Cydia.html]
[www.2shared.com/file/tGb67o0U/Cydia.htm]
[www.2shared.com/file/oX5tVP4B/App_Cydia.html]
[www.2shared.com/file/oX5tVP4B/App_Cydia.htm]
[www.2shared.com/video/eoJ4NQMP/AGoodOldFashionedOrgyLIMITEDDV.html]
[www.2shared.com/video/eoJ4NQMP/AGoodOldFashionedOrgyLIMITEDDV.htm]
[www.2shared.com/video/zGxKb-fG/On_Stranger_Tides_2011_clip1.html]
[www.2shared.com/video/zGxKb-fG/On_Stranger_Tides_2011_clip1.htm]
[www.2shared.com/file/67hPbFwW/China_PhoneSuite.html]
[www.2shared.com/file/67hPbFwW/China_PhoneSuite.htm]
[www.2shared.com/file/HnuKON25/Nyan_Cat_Sheet_Music.html]
[www.2shared.com/file/HnuKON25/Nyan_Cat_Sheet_Music.htm]
[www.2shared.com/file/q69lzmlg/FIFA_12-v113-Jonezz007.html]
[www.2shared.com/file/q69lzmlg/FIFA_12-v113-Jonezz007.htm]
[www.2shared.com/audio/xbV9q_l0/MyEgycOm-Ahmed_Meky_Ged3anTaye.html]
[www.2shared.com/qs/40.html]
[www.2shared.com/audio/xbV9q_l0/MyEgycOm-Ahmed_Meky_Ged3anTaye.htm]
[www.2shared.com/file/3VCKzCgg/app.html]
[www.2shared.com/file/3VCKzCgg/app.htm]
[www.2shared.com/video/PIR6_HUF/OnlineMoviesFreeeComInception2.html]
[www.2shared.com/video/PIR6_HUF/OnlineMoviesFreeeComInception2.htm]
[www.2shared.com/video/XRewBQIM/I_Am_Number_Four_2011_DvDrip_E.html]
[www.2shared.com/video/XRewBQIM/I_Am_Number_Four_2011_DvDrip_E.htm]
[www.2shared.com/file/GNvnJRR4/NAVIGON-ME-v201-By-Rawnag.html]
[www.2shared.com/file/GNvnJRR4/NAVIGON-ME-v201-By-Rawnag.htm]
[www.2shared.com/audio/GxGjq-oK/Sherine_Hate3mel-Eh_MezoSoftCo.html]
[www.2shared.com/audio/GxGjq-oK/Sherine_Hate3mel-Eh_MezoSoftCo.htm]
[www.2shared.com/file/vQjuz6cM/app.html]
[www.2shared.com/file/vQjuz6cM/app.htm]
[www.2shared.com/video/NdIoddTW/FriendswithBenefits2011BRRipXv.html]
[www.2shared.com/video/NdIoddTW/FriendswithBenefits2011BRRipXv.htm]
[www.2shared.com/video/p0u4jtlY/Than_Sam_clip1.html]
[www.2shared.com/video/p0u4jtlY/Than_Sam_clip1.htm]
[www.2shared.com/photo/5V2TZCQm/100-mn-100-kukar-100-kvinnor-2.html]
[dc208.2shared.com/img/5V2TZCQm/100-mn-100-kukar-100-kvinnor-2.jpg]
[www.2shared.com/photo/5V2TZCQm/100-mn-100-kukar-100-kvinnor-2.htm]
[www.2shared.com/file/W0wgLIpP/app.html]
[www.2shared.com/file/W0wgLIpP/app.htm]
[www.2shared.com/qs/50.html]
[www.2shared.com/file/twuPA-uM/2shared_Toolbar.html]
[www.2shared.com/file/twuPA-uM/2shared_Toolbar.htm]
[www.2shared.com/file/cr6Yx-6L/CAMMER.html]
[www.2shared.com/file/cr6Yx-6L/CAMMER.htm]
[www.2shared.com/audio/64bxyscM/02-Mohamed-Hamaki_Aktar-Men-El.html]
[www.2shared.com/audio/64bxyscM/02-Mohamed-Hamaki_Aktar-Men-El.htm]
[www.2shared.com/file/NLjdL8Dj/Modem.html]
[www.2shared.com/file/NLjdL8Dj/Modem.htm]
[www.2shared.com/audio/xNFNUBM7/MyEgycOm_Sherein_Hat3mel_Eih-B.html]
[www.2shared.com/audio/xNFNUBM7/MyEgycOm_Sherein_Hat3mel_Eih-B.htm]
[www.2shared.com/video/yxiRjzks/TheSorcerersApprentice2010720p.html]
[www.2shared.com/video/yxiRjzks/TheSorcerersApprentice2010720p.htm]
[www.2shared.com/audio/Tt89-8Rp/04-Mohamed-Hamaki_Naweeha_Mezo.html]
[www.2shared.com/audio/Tt89-8Rp/04-Mohamed-Hamaki_Naweeha_Mezo.htm]
[www.2shared.com/file/wfst4FY9/app.html]
[www.2shared.com/file/wfst4FY9/app.htm]
[www.2shared.com/video/CkU-U-CR/Yeu_Khong_Hoi_Tiec_clip1.html]
[www.2shared.com/video/CkU-U-CR/Yeu_Khong_Hoi_Tiec_clip1.htm]
[www.2shared.com/video/bmgCDyqh/SS_20x09.html]
[www.2shared.com/icons/32x32/mp4.png]
[www.2shared.com/video/bmgCDyqh/SS_20x09.htm]
[www.2shared.com/qs/60.html]
[www.2shared.com/file/RsBw3iJn/Untitled.html]
[www.2shared.com/file/RsBw3iJn/Untitled.htm]
[www.2shared.com/file/4E8dsNq0/app.html]
[www.2shared.com/file/4E8dsNq0/app.htm]
[www.2shared.com/audio/13G8kxMY/Husain_El_Jasmi_-_6_El_Sobh.html]
[www.2shared.com/audio/13G8kxMY/Husain_El_Jasmi_-_6_El_Sobh.htm]
[www.2shared.com/video/8BHj8di_/Avatar.html]
[www.2shared.com/video/8BHj8di_/Avatar.htm]
[www.2shared.com/file/h3McxFG1/app.html]
[www.2shared.com/file/h3McxFG1/app.htm]
[www.2shared.com/video/PSGpq3f0/QSSDivX_gz_10_hd_haL0_1.html]
[www.2shared.com/video/PSGpq3f0/QSSDivX_gz_10_hd_haL0_1.htm]
[www.2shared.com/file/TlAoDPux/Civ_Rev__v151_os22_-sharmanhal.html]
[www.2shared.com/file/TlAoDPux/Civ_Rev__v151_os22_-sharmanhal.htm]
[www.2shared.com/video/DwZaI5xy/HorribleBosses2011DVDRipXviD-A.html]
[www.2shared.com/video/DwZaI5xy/HorribleBosses2011DVDRipXviD-A.htm]
[www.2shared.com/audio/Cy35W_k8/08-Mohamed-Hamaki_Ana-Law-Azet.html]
[www.2shared.com/audio/Cy35W_k8/08-Mohamed-Hamaki_Ana-Law-Azet.htm]
[www.2shared.com/video/r6mz7cUU/Moneyball_2011_BRRip_XviD-FTW.html]
[www.2shared.com/video/r6mz7cUU/Moneyball_2011_BRRip_XviD-FTW.htm]
[www.2shared.com/qs/70.html]
[www.2shared.com/video/DZ4SEbzx/49_days_-_Ep_01_clip1.html]
[www.2shared.com/video/DZ4SEbzx/49_days_-_Ep_01_clip1.htm]
[www.2shared.com/audio/DtNKURL7/10-Mohamed-Hamaki_We-Eftakart_.html]
[www.2shared.com/audio/DtNKURL7/10-Mohamed-Hamaki_We-Eftakart_.htm]
[www.2shared.com/audio/pZGYgkPH/05-Mohamed-Hamaki_Mesh-Maaol_M.html]
[www.2shared.com/audio/pZGYgkPH/05-Mohamed-Hamaki_Mesh-Maaol_M.htm]
[www.2shared.com/file/UH6hGepi/RTL8139D.html]
[www.2shared.com/file/UH6hGepi/RTL8139D.htm]
[www.2shared.com/video/HIk2JL4y/thechildren2008dvdripxvid-amia.html]
[www.2shared.com/video/HIk2JL4y/thechildren2008dvdripxvid-amia.htm]
[www.2shared.com/video/B8Uid6PG/Cars22011BRRipXviD-playXD.html]
[www.2shared.com/video/B8Uid6PG/Cars22011BRRipXviD-playXD.htm]
[www.2shared.com/file/4O7xlMYI/Emurayden_v22.html]
[www.2shared.com/file/4O7xlMYI/Emurayden_v22.htm]
[www.2shared.com/file/thGhoLNt/Prestige_10.html]
[www.2shared.com/file/thGhoLNt/Prestige_10.htm]
[www.2shared.com/video/GSn00ll9/hoot.html]
[www.2shared.com/icons/32x32/3gp.png]
[www.2shared.com/video/GSn00ll9/hoot.htm]
[www.2shared.com/video/Bmwzin-r/TheBigBangTheoryS05E13HDTVXviD.html]
[www.2shared.com/qs/80.html]
[www.2shared.com/video/Bmwzin-r/TheBigBangTheoryS05E13HDTVXviD.htm]
[www.2shared.com/video/qof9TvoB/The_Other_Guys_DvDrip-aXXo.html]
[www.2shared.com/video/qof9TvoB/The_Other_Guys_DvDrip-aXXo.htm]
[www.2shared.com/audio/zdBWQKOk/06-Mohamed-Hamaki_Gat-Ya-Magat.html]
[www.2shared.com/audio/zdBWQKOk/06-Mohamed-Hamaki_Gat-Ya-Magat.htm]
[www.2shared.com/audio/UtKq2kIT/Music_27.html]
[www.2shared.com/audio/UtKq2kIT/Music_27.htm]
[www.2shared.com/audio/abah6rUE/07-Mohamed-Hamaki_Aalo-Fiki_Me.html]
[www.2shared.com/audio/abah6rUE/07-Mohamed-Hamaki_Aalo-Fiki_Me.htm]
[www.2shared.com/file/HQi0cnBq/Minecraft.html]
[www.2shared.com/file/HQi0cnBq/Minecraft.htm]
[www.2shared.com/audio/UCmMYwzS/Tune_mere_jaanagurdeepkansal.html]
[www.2shared.com/audio/UCmMYwzS/Tune_mere_jaanagurdeepkansal.htm]
[www.2shared.com/file/0ZqQdiQa/Cartograph.html]
[www.2shared.com/file/0ZqQdiQa/Cartograph.htm]
[www.2shared.com/file/eAAw9Cnp/app.html]
[www.2shared.com/file/eAAw9Cnp/app.htm]
[www.2shared.com/file/iU9VXszS/gta_sa.html]
[www.2shared.com/file/iU9VXszS/gta_sa.htm]
[www.2shared.com/file/o85qbUAG/PS3.html]
[www.2shared.com/file/o85qbUAG/PS3.htm]
[www.2shared.com/qs/90.html]
[www.2shared.com/audio/ZJs7R17A/Naakka_MukkaII.html]
[www.2shared.com/audio/ZJs7R17A/Naakka_MukkaII.htm]
[www.2shared.com/video/AW3S2SAn/FrikeARNeT_DespicableMeDVDRipX.html]
[www.2shared.com/video/AW3S2SAn/FrikeARNeT_DespicableMeDVDRipX.htm]
[www.2shared.com/video/NjKw_eUp/stevejobsbilliondollarhippyhdt.html]
[www.2shared.com/video/NjKw_eUp/stevejobsbilliondollarhippyhdt.htm]
[www.2shared.com/video/Kr79NgTP/Tham_Hoa_clip1.html]
[www.2shared.com/video/Kr79NgTP/Tham_Hoa_clip1.htm]
[www.2shared.com/video/SCpxafYp/Green_Lantern_2011_clip1.html]
[www.2shared.com/video/SCpxafYp/Green_Lantern_2011_clip1.htm]
[www.2shared.com/video/acSboyPd/FinBB5-20090826-katlin-shower.html]
[www.2shared.com/video/acSboyPd/FinBB5-20090826-katlin-shower.htm]
[www.2shared.com/document/a5BzjxsY/1orunaalunoduorunaal.html]
[www.2shared.com/document/a5BzjxsY/1orunaalunoduorunaal.htm]
[www.2shared.com/video/dXqnhi4b/simp2113simpsonizados.html]
[www.2shared.com/video/dXqnhi4b/simp2113simpsonizados.htm]
[www.2shared.com/video/LqcFxW4f/Dragon_Ball_Kai_-_Ep_1_.html]
[www.2shared.com/video/LqcFxW4f/Dragon_Ball_Kai_-_Ep_1_.htm]
[www.2shared.com/video/gh3dyU-L/DBZ_-_189_-_Cell_Returns.html]
[www.2shared.com/video/gh3dyU-L/DBZ_-_189_-_Cell_Returns.htm]
[www.2shared.com/qs/0.html]
[www.2shared.com/qs/110.html]
[www.2shared.com/qs/120.html]
[www.2shared.com/qs/130.html]
[www.2shared.com/qs/140.html]
[www.2shared.com/qs/150.html]
[www.2shared.com/qs/160.html]
[www.2shared.com/qs/170.html]
[www.2shared.com/qs/180.html]
[www.2shared.com/qs/190.html]
[www.2shared.com/qs/200.html]
[www.2shared.com/qs/100.html]
[www.2shared.com/qs/3794100.html]
[www.2shared.com/qs/3794230.html]
[www.2shared.com/qs/3794200.html]
[www.2shared.com/qs/3794210.html]
[www.2shared.com/qs/3794220.html]
[www.2shared.com/qs/3794240.html]
[www.2shared.com/watch/1b813.html]
[www.2shared.com/watch/17840.html]
[www.2shared.com/watch/19917.html]
[www.2shared.com/watch/1f3e3.html]
[www.2shared.com/watch/1c15f.html]
[www.2shared.com/watch/110b3.html]
[www.2shared.com/watchb813.html]
[www.2shared.com/watch7840.html]
[www.2shared.com/watch9917.html]
[www.2shared.com/watchf3e3.html]
[www.2shared.com/watchc15f.html]
[www.2shared.com/watch10b3.html]
[www.2shared.com/images/images/ctr.gif]
[www.2shared.com/images/images/ctl.gif]
[www.2shared.com/images/images/bLogin.gif]
[www.2shared.com/remindPassword.html]
[www.2shared.com/images/images/cbr.gif]
[www.2shared.com/images/images/cbl.gif]
[www.2shared.com/logince3f.html]
[www.2shared.com/abuse7fa2.html]
[apis.google.com/js/plusone.js]
[w.po.st/share/script/post-widget.js]
[www.2shared.com/file/9wpka4oa/post-widget.html]
[api.conduit.com/ToolbarApi.js]
[www.2shared.com/file/SicLvJh1/WinRar_4165_By_EluXzip.html]
[www.2shared.com/file/SicLvJh1/WinRar_4165_By_EluXzip.htm]
[www.2shared.com/file/kkHd2vzD/WinRar_4165_By_EluX.html]
[www.2shared.com/file/kkHd2vzD/WinRar_4165_By_EluX.htm]
[www.2shared.com/file/h7kY9DgF/WinRar_4165_By_EluX.html]
[www.2shared.com/file/h7kY9DgF/WinRar_4165_By_EluX.htm]
[www.2shared.com/file/nbYKZDOC/WinRar_41165_By_EluX.html]
[www.2shared.com/file/nbYKZDOC/WinRar_41165_By_EluX.htm]
[www.2shared.com/file/rKOS4q4n/WinRar_41165_By_EluX.html]
[www.2shared.com/file/rKOS4q4n/WinRar_41165_By_EluX.htm]
[www.2shared.com/file/W9hnvqnf/WinRar_4165_By_EluX.html]
[www.2shared.com/file/W9hnvqnf/WinRar_4165_By_EluX.htm]
[www.2shared.com/file/LGPLwrxv/WinRar_4165_By_EluX.html]
[www.2shared.com/file/LGPLwrxv/WinRar_4165_By_EluX.htm]
[www.2shared.com/file/VzBKKzZy/WinRar_4165_By_EluX.html]
[www.2shared.com/file/VzBKKzZy/WinRar_4165_By_EluX.htm]
[www.2shared.com/file/NYq1sczK/WinRar_4165_By_EluX.html]
[www.2shared.com/file/NYq1sczK/WinRar_4165_By_EluX.htm]
[www.2shared.com/qs/10/WinRar+4.1.65_By_EluX.html]
[www.2shared.com/qs/20/WinRar+4.1.65_By_EluX.html]
[www.2shared.com/qs/30/WinRar+4.1.65_By_EluX.html]
[www.2shared.com/qs/40/WinRar+4.1.65_By_EluX.html]
[www.2shared.com/qs/50/WinRar+4.1.65_By_EluX.html]
[www.2shared.com/qs/1/WinRar+4.1.65_By_EluX.html]
[www.2shared.com/qs/60/WinRar+4.1.65_By_EluX.html]
[www.2shared.com/qs/10/zip.html]
[www.2shared.com/qs/20/zip.html]
[www.2shared.com/qs/30/zip.html]
[www.2shared.com/qs/40/zip.html]
[www.2shared.com/qs/50/zip.html]
[www.2shared.com/qs/60/zip.html]
[www.2shared.com/qs/70/zip.html]
[www.2shared.com/qs/80/zip.html]
[www.2shared.com/qs/90/zip.html]
[www.2shared.com/qs/100/zip.html]
[www.2shared.com/qs/216830/zip.html]
[www.2shared.com/qs/1/zip.html]
[www.2shared.com/abuse654e.html]
[www.2shared.com/document/C355_jSF/dokunan_yanar.html]
[www.2shared.com/document/C355_jSF/dokunan_yanar.htm]
[www.2shared.com/document/Ylwf0a_m/dokunan_yanar_zaten_yanmisiz.html]
[www.2shared.com/document/Ylwf0a_m/dokunan_yanar_zaten_yanmisiz.htm]
[www.2shared.com/document/TOPQfvir/dokunan_yanar.html]
[www.2shared.com/document/TOPQfvir/dokunan_yanar.htm]
[www.2shared.com/document/kLTn7gHU/dokunan_yanar.html]
[www.2shared.com/document/kLTn7gHU/dokunan_yanar.htm]
[www.2shared.com/document/ggG7JNS4/www2sharedcom-dokunan_yanar.html]
[www.2shared.com/document/ggG7JNS4/www2sharedcom-dokunan_yanar.htm]
[www.2shared.com/document/wzYo2Br9/dokunan-yanar.html]
[www.2shared.com/document/wzYo2Br9/dokunan-yanar.htm]
[www.2shared.com/document/PskRoCyd/dokunan_yanar.html]
[www.2shared.com/document/PskRoCyd/dokunan_yanar.htm]
[www.2shared.com/file/eTgdnDot/dokunan_yanar_pdf_-_Powered_by.html]
[www.2shared.com/icons/32x32/mht.png]
[www.2shared.com/file/eTgdnDot/dokunan_yanar_pdf_-_Powered_by.htm]
[www.2shared.com/document/qKls9ncF/dokunan_yanar.html]
[www.2shared.com/document/qKls9ncF/dokunan_yanar.htm]
[www.2shared.com/qs/10/dokunan_yanar.html]
[www.2shared.com/qs/20/dokunan_yanar.html]
[www.2shared.com/qs/30/dokunan_yanar.html]
[www.2shared.com/qs/40/dokunan_yanar.html]
[www.2shared.com/qs/1/dokunan_yanar.html]
[www.2shared.com/qs/50/dokunan_yanar.html]
[www.2shared.com/qs/60/dokunan_yanar.html]
[www.2shared.com/document/ida6nmyd/kkkkkkkkk.html]
[www.2shared.com/document/ida6nmyd/kkkkkkkkk.htm]
[www.2shared.com/document/mmCkOT-z/Stockholms_TR_B_5042-11_aktbil.html]
[www.2shared.com/document/mmCkOT-z/Stockholms_TR_B_5042-11_aktbil.htm]
[www.2shared.com/document/FlUmHybi/Crecimiento_del_pltano_de_Cana.html]
[www.2shared.com/document/FlUmHybi/Crecimiento_del_pltano_de_Cana.htm]
[www.2shared.com/document/qmbxZyGm/NURS0711se.html]
[www.2shared.com/document/qmbxZyGm/NURS0711se.htm]
[www.2shared.com/document/tup1rBm0/TutorialMw2Modbox71.html]
[www.2shared.com/document/tup1rBm0/TutorialMw2Modbox71.htm]
[www.2shared.com/document/u7oM8IfV/how_to_answer.html]
[www.2shared.com/document/u7oM8IfV/how_to_answer.htm]
[www.2shared.com/document/0g1NWO3l/lahore_ProPakistaniPK.html]
[www.2shared.com/document/0g1NWO3l/lahore_ProPakistaniPK.htm]
[www.2shared.com/document/14padFPW/Fup_del__2_Hktesmordet.html]
[www.2shared.com/document/14padFPW/Fup_del__2_Hktesmordet.htm]
[www.2shared.com/qs/10/pdf.html]
[www.2shared.com/qs/20/pdf.html]
[www.2shared.com/qs/30/pdf.html]
[www.2shared.com/qs/40/pdf.html]
[www.2shared.com/qs/50/pdf.html]
[www.2shared.com/qs/60/pdf.html]
[www.2shared.com/qs/70/pdf.html]
[www.2shared.com/qs/80/pdf.html]
[www.2shared.com/qs/90/pdf.html]
[www.2shared.com/qs/100/pdf.html]
[www.2shared.com/qs/36450/pdf.html]
[www.2shared.com/qs/1/pdf.html]
[www.2shared.com/abuse24cd.html]
[www.2shared.com/video/bdXmtn1u/newmyvideolinkstk-TheGirlWithT.html]
[www.2shared.com/video/bdXmtn1u/newmyvideolinkstk-TheGirlWithT.htm]
[www.2shared.com/video/bQH91ph9/The_Girl_With_A_Dragon_Tattoo_.html]
[www.2shared.com/video/bQH91ph9/The_Girl_With_A_Dragon_Tattoo_.htm]
[www.2shared.com/video/X2HgLrjz/TheGirlWithTheDragonTattoo2011.html]
[www.2shared.com/video/X2HgLrjz/TheGirlWithTheDragonTattoo2011.htm]
[www.2shared.com/video/6wqPSvYA/The_Girl_with_the_Dragon_Tatto.html]
[www.2shared.com/video/6wqPSvYA/The_Girl_with_the_Dragon_Tatto.htm]
[www.2shared.com/video/KfhQlvIs/The_Girl_With_The_Dragon_Tatto.html]
[www.2shared.com/video/KfhQlvIs/The_Girl_With_The_Dragon_Tatto.htm]
[www.2shared.com/video/sr61JrLy/The_Girl_With_The_Dragon_Tatto.html]
[www.2shared.com/video/sr61JrLy/The_Girl_With_The_Dragon_Tatto.htm]
[www.2shared.com/video/EAlp37R9/2011-The_Girl_with_the_Dragon_.html]
[www.2shared.com/video/EAlp37R9/2011-The_Girl_with_the_Dragon_.htm]
[www.2shared.com/video/vsiVrHdu/TheGirlWithTheDragonTattooDVDS.html]
[www.2shared.com/video/vsiVrHdu/TheGirlWithTheDragonTattooDVDS.htm]
[www.2shared.com/video/VqsdFZO3/The_Girl_With_The_Dragon_Tatto.html]
[www.2shared.com/video/VqsdFZO3/The_Girl_With_The_Dragon_Tatto.htm]
[www.2shared.com/qs/10/GIRL+WITH+THE+DRAGON+TATTOO.html]
[www.2shared.com/qs/1/GIRL+WITH+THE+DRAGON+TATTOO.html]
[www.2shared.com/qs/10/avi.html]
[www.2shared.com/qs/20/avi.html]
[www.2shared.com/qs/30/avi.html]
[www.2shared.com/qs/40/avi.html]
[www.2shared.com/qs/50/avi.html]
[www.2shared.com/qs/60/avi.html]
[www.2shared.com/qs/70/avi.html]
[www.2shared.com/qs/80/avi.html]
[www.2shared.com/qs/90/avi.html]
[www.2shared.com/qs/100/avi.html]
[www.2shared.com/qs/69630/avi.html]
[www.2shared.com/qs/1/avi.html]
[www.2shared.com/abusefd72.html]
[www.2shared.com/file/m0WuH1wy/Cydia.html]
[www.2shared.com/file/m0WuH1wy/Cydia.htm]
[www.2shared.com/file/OVH_qmde/Cydia_1-03188-69.html]
[www.2shared.com/file/OVH_qmde/Cydia_1-03188-69.htm]
[www.2shared.com/file/FM1MZxO8/Cydia.html]
[www.2shared.com/file/FM1MZxO8/Cydia.htm]
[www.2shared.com/document/mawNrhC0/How_to_Install_AppSync_for_iPa.html]
[www.2shared.com/document/mawNrhC0/How_to_Install_AppSync_for_iPa.htm]
[www.2shared.com/file/XA94mHat/Cydia_103032-64_to_103201-71__.html]
[www.2shared.com/file/XA94mHat/Cydia_103032-64_to_103201-71__.htm]
[www.2shared.com/file/HrJRziig/Cydia__4_.html]
[www.2shared.com/file/HrJRziig/Cydia__4_.htm]
[www.2shared.com/file/E0jFCC0g/cydia_e_best.html]
[www.2shared.com/file/E0jFCC0g/cydia_e_best.htm]
[www.2shared.com/file/uZf0FORh/Cydia.html]
[www.2shared.com/file/uZf0FORh/Cydia.htm]
[www.2shared.com/qs/10/Cydia.html]
[www.2shared.com/qs/20/Cydia.html]
[www.2shared.com/qs/30/Cydia.html]
[www.2shared.com/qs/40/Cydia.html]
[www.2shared.com/qs/50/Cydia.html]
[www.2shared.com/qs/60/Cydia.html]
[www.2shared.com/qs/70/Cydia.html]
[www.2shared.com/qs/80/Cydia.html]
[www.2shared.com/qs/90/Cydia.html]
[www.2shared.com/qs/100/Cydia.html]
[www.2shared.com/qs/340/Cydia.html]
[www.2shared.com/qs/1/Cydia.html]
[www.2shared.com/file/HBFAWX-B/Fruit_Ninja-v174-jeffreychen98.html]
[www.2shared.com/file/HBFAWX-B/Fruit_Ninja-v174-jeffreychen98.htm]
[www.2shared.com/file/fnQ94n8D/MedCalc_Pro-v222-Fife.html]
[www.2shared.com/file/fnQ94n8D/MedCalc_Pro-v222-Fife.htm]
[www.2shared.com/qs/10/ipa.html]
[www.2shared.com/qs/20/ipa.html]
[www.2shared.com/qs/30/ipa.html]
[www.2shared.com/qs/40/ipa.html]
[www.2shared.com/qs/50/ipa.html]
[www.2shared.com/qs/60/ipa.html]
[www.2shared.com/qs/70/ipa.html]
[www.2shared.com/qs/80/ipa.html]
[www.2shared.com/qs/90/ipa.html]
[www.2shared.com/qs/100/ipa.html]
[www.2shared.com/qs/5210/ipa.html]
[www.2shared.com/qs/1/ipa.html]
[www.2shared.com/abuse11a2.html]
[www.2shared.com/file/6fIFFtI3/WHKC.html]
[www.2shared.com/file/6fIFFtI3/WHKC.htm]
[www.2shared.com/file/nuO6i-4H/WHKC.html]
[www.2shared.com/file/nuO6i-4H/WHKC.htm]
[www.2shared.com/file/T-gaiN6X/WHKC.html]
[www.2shared.com/file/T-gaiN6X/WHKC.htm]
[www.2shared.com/file/OFkejOlc/WHKC.html]
[www.2shared.com/file/OFkejOlc/WHKC.htm]
[www.2shared.com/file/QNoRr2eK/WHKC.html]
[www.2shared.com/file/QNoRr2eK/WHKC.htm]
[www.2shared.com/file/awDpNhT5/WHKC.html]
[www.2shared.com/file/awDpNhT5/WHKC.htm]
[www.2shared.com/file/1R7hp9Rt/WHKC.html]
[www.2shared.com/file/1R7hp9Rt/WHKC.htm]
[www.2shared.com/file/34-0VZM7/whkc.html]
[www.2shared.com/file/34-0VZM7/whkc.htm]
[www.2shared.com/file/2FDRO10z/WHKC.html]
[www.2shared.com/file/2FDRO10z/WHKC.htm]
[www.2shared.com/qs/10/WHKC.html]
[www.2shared.com/qs/20/WHKC.html]
[www.2shared.com/qs/30/WHKC.html]
[www.2shared.com/qs/1/WHKC.html]
[www.2shared.com/qs/40/WHKC.html]
[www.2shared.com/abusee9d1.html]
[www.2shared.com/file/9u3W5LjE/idman_V514__patch.html]
[www.2shared.com/file/9u3W5LjE/idman_V514__patch.htm]
[www.2shared.com/file/p-Uz9QnV/idman_V514__patch.html]
[www.2shared.com/file/p-Uz9QnV/idman_V514__patch.htm]
[www.2shared.com/file/JwFB2itn/idman_V514__patchrar.html]
[www.2shared.com/file/JwFB2itn/idman_V514__patchrar.htm]
[www.2shared.com/file/XG4hXepm/idman_V514__patch.html]
[www.2shared.com/file/XG4hXepm/idman_V514__patch.htm]
[www.2shared.com/file/zXFbkqDc/idman_V514__patch.html]
[www.2shared.com/file/zXFbkqDc/idman_V514__patch.htm]
[www.2shared.com/file/llH-piPd/idman_V5114__patch.html]
[www.2shared.com/file/llH-piPd/idman_V5114__patch.htm]
[www.2shared.com/file/cdiRFxN3/idman_V514__patch.html]
[www.2shared.com/file/cdiRFxN3/idman_V514__patch.htm]
[www.2shared.com/file/TDmOCUZM/idman_V514__patch.html]
[www.2shared.com/file/TDmOCUZM/idman_V514__patch.htm]
[www.2shared.com/file/5Qpn4U9T/idman_V514__patch.html]
[www.2shared.com/file/5Qpn4U9T/idman_V514__patch.htm]
[www.2shared.com/qs/10/idman_V5.14+++patch.html]
[www.2shared.com/qs/20/idman_V5.14+++patch.html]
[www.2shared.com/qs/30/idman_V5.14+++patch.html]
[www.2shared.com/qs/1/idman_V5.14+++patch.html]
[www.2shared.com/file/SiDJ2APT/Leis_Aim_Wall_Norecoil_06_wwwc.html]
[www.2shared.com/file/SiDJ2APT/Leis_Aim_Wall_Norecoil_06_wwwc.htm]
[www.2shared.com/file/vIWF52EU/FM10_Faces_Megapack_20.html]
[www.2shared.com/file/vIWF52EU/FM10_Faces_Megapack_20.htm]
[www.2shared.com/qs/10/rar.html]
[www.2shared.com/qs/20/rar.html]
[www.2shared.com/qs/30/rar.html]
[www.2shared.com/qs/40/rar.html]
[www.2shared.com/qs/50/rar.html]
[www.2shared.com/qs/60/rar.html]
[www.2shared.com/qs/70/rar.html]
[www.2shared.com/qs/80/rar.html]
[www.2shared.com/qs/90/rar.html]
[www.2shared.com/qs/100/rar.html]
[www.2shared.com/qs/515430/rar.html]
[www.2shared.com/qs/1/rar.html]
[www.2shared.com/abusedfe0.html]
[www.2shared.com/file/lbI5dOMa/gta3-v10-ipodtouchdudeipa.html]
[www.2shared.com/qs/1/gta3-v1.0-ipodtouchdude.html]
[www.2shared.com/file/lbI5dOMa/gta3-v10-ipodtouchdudeipa.htm]
[www.2shared.com/abuse8ed2.html]
[www.2shared.com/file/HM3QxiJf/Kernel_Detective_v141.html]
[www.2shared.com/file/HM3QxiJf/Kernel_Detective_v141.htm]
[www.2shared.com/file/BY6lmz7s/Kernel_Detective_v141.html]
[www.2shared.com/file/BY6lmz7s/Kernel_Detective_v141.htm]
[www.2shared.com/file/HjNL4u3n/Kernel_Detective_v141by_aXeSwY.html]
[www.2shared.com/file/HjNL4u3n/Kernel_Detective_v141by_aXeSwY.htm]
[www.2shared.com/file/wPEw_mGp/Kernel_Detective_v141_on_Pc2.html]
[www.2shared.com/file/wPEw_mGp/Kernel_Detective_v141_on_Pc2.htm]
[www.2shared.com/file/yAumeQ6G/Kernel_Detective_v141.html]
[www.2shared.com/file/yAumeQ6G/Kernel_Detective_v141.htm]
[www.2shared.com/file/iaw2ViOl/Kernel_Detective_v141.html]
[www.2shared.com/file/iaw2ViOl/Kernel_Detective_v141.htm]
[www.2shared.com/file/rp0uSl_6/Kernel_Detective_v141.html]
[www.2shared.com/file/rp0uSl_6/Kernel_Detective_v141.htm]
